// Jest Snapshot v1, https://goo.gl/fbAQLP

exports[`ProfileScreen test should render 1`] = `
<div
  class="my7"
>
  <div
    class="container xl"
  >
    <div
      class="cardDesktop col bodyBgColor"
    >
      <div
        class="cardHeader padding3 primaryColor"
      >
        <h4>
          Profile
        </h4>
      </div>
      <div
        class="col colSpacing2 padding3"
      >
        <div
          class="row"
        >
          <div
            class="col-12 col-md-6 mx-0"
          >
            <div
              class="pg-profile-page__box pg-profile-page__left-col__basic"
            >
              <div
                class="pg-profile-page__box-header pg-profile-page__left-col__basic__info-row"
              >
                <div
                  class="pg-profile-page__left-col__basic__info-row__block"
                >
                  <div
                    class="pg-profile-page__row pg-profile-page__details-user"
                  >
                    <p />
                  </div>
                  <div
                    class="pg-profile-page__row"
                  >
                    <h2>
                      UID: 
                    </h2>
                  </div>
                </div>
              </div>
              <div
                class="pg-profile-page__row"
              >
                <div>
                  <div
                    class="pg-profile-page__label"
                  >
                    Password
                  </div>
                  <div>
                    ************
                  </div>
                </div>
                <button
                  class="btn-block mt-3 mb-3 btn-lg btn btn-primary w-25 btn btn-primary btn-lg"
                  type="button"
                >
                  Change
                </button>
              </div>
              <div
                class="pg-profile-page__row"
              >
                <label
                  class="pg-profile-page__label"
                >
                  <div>
                    Two-factor authentication
                  </div>
                  <span
                    class="pg-profile-page__label-value__disabled"
                  >
                    Disabled
                  </span>
                </label>
                <form
                  class=""
                >
                  <div
                    class="custom-control custom-switch"
                  >
                    <input
                      class="custom-control-input"
                      id="2fa-switch"
                      type="checkbox"
                    />
                    <label
                      class="custom-control-label"
                      for="2fa-switch"
                      title=""
                    />
                  </div>
                </form>
              </div>
            </div>
          </div>
          <div
            class="col-12 col-md-6"
          >
            <div
              class="pg-profile-page__box pg-profile-page-verification"
            >
              <h3
                class="pg-profile-page-verification__title"
              >
                Profile Verification
              </h3>
              <div
                class="pg-profile-page-verification__progress-bar"
              >
                <div
                  class="pg-profile-page-verification__progress-bar__step pg-profile-page-verification__progress-bar__step--active"
                >
                  Level
                  <span>
                     1
                  </span>
                </div>
                <div
                  class="pg-profile-page-verification__progress-bar__step pg-profile-page-verification__progress-bar__step--blocked"
                >
                  Level
                  <span>
                     2
                  </span>
                </div>
                <div
                  class="pg-profile-page-verification__progress-bar__step pg-profile-page-verification__progress-bar__step--blocked"
                >
                  Level
                  <span>
                     3
                  </span>
                </div>
                <div
                  class="pg-profile-page-verification__progress-bar__step pg-profile-page-verification__progress-bar__step--blocked"
                >
                  Level
                  <span>
                     4
                  </span>
                </div>
                <div
                  class="pg-profile-page-verification__progress-bar__step pg-profile-page-verification__progress-bar__step--blocked"
                >
                  Level
                  <span>
                     5
                  </span>
                </div>
              </div>
              <div
                class="pg-profile-page-verification__step pg-profile-page-verification__step--active"
              >
                <div
                  class="pg-profile-page-verification__step__info"
                >
                  <div
                    class="pg-profile-page-verification__step__info__title"
                  >
                    <span>
                      1. 
                    </span>
                    Email address
                  </div>
                  <div
                    class="pg-profile-page-verification__step__info__subtitle"
                  >
                    Withdrawal allowed
                  </div>
                </div>
                <div
                  class="pg-profile-page-verification__step__button pg-profile-page-verification__step__button--active"
                >
                  <a
                    href="/confirm"
                  >
                    Verify
                  </a>
                </div>
              </div>
              <div
                class="pg-profile-page-verification__step pg-profile-page-verification__step--blocked"
              >
                <div
                  class="pg-profile-page-verification__step__info"
                >
                  <div
                    class="pg-profile-page-verification__step__info__title"
                  >
                    <span>
                      2. 
                    </span>
                    Verify Phone number
                  </div>
                  <div
                    class="pg-profile-page-verification__step__info__subtitle"
                  >
                    To allow Deposits and Trades
                  </div>
                </div>
                <div
                  class="pg-profile-page-verification__step__button pg-profile-page-verification__step__button--blocked"
                >
                  <a
                    href="/confirm"
                  >
                    Verify
                  </a>
                </div>
              </div>
              <div
                class="pg-profile-page-verification__step pg-profile-page-verification__step--blocked"
              >
                <div
                  class="pg-profile-page-verification__step__info"
                >
                  <div
                    class="pg-profile-page-verification__step__info__title"
                  >
                    <span>
                      3. 
                    </span>
                    Complete your profile
                  </div>
                  <div
                    class="pg-profile-page-verification__step__info__subtitle"
                  >
                     
                  </div>
                </div>
                <div
                  class="pg-profile-page-verification__step__button pg-profile-page-verification__step__button--blocked"
                >
                  <a
                    href="/confirm"
                  >
                    Verify
                  </a>
                </div>
              </div>
              <div
                class="pg-profile-page-verification__step pg-profile-page-verification__step--blocked"
              >
                <div
                  class="pg-profile-page-verification__step__info"
                >
                  <div
                    class="pg-profile-page-verification__step__info__title"
                  >
                    <span>
                      4. 
                    </span>
                    Verify your Identity
                  </div>
                  <div
                    class="pg-profile-page-verification__step__info__subtitle"
                  >
                    Increase Withdrawal limit to 10 BTC
                  </div>
                </div>
                <div
                  class="pg-profile-page-verification__step__button pg-profile-page-verification__step__button--blocked"
                >
                  <a
                    href="/confirm"
                  >
                    Verify
                  </a>
                </div>
              </div>
              <div
                class="pg-profile-page-verification__step pg-profile-page-verification__step--blocked"
              >
                <div
                  class="pg-profile-page-verification__step__info"
                >
                  <div
                    class="pg-profile-page-verification__step__info__title"
                  >
                    <span>
                      5. 
                    </span>
                    Verify Proof of residence
                  </div>
                  <div
                    class="pg-profile-page-verification__step__info__subtitle"
                  >
                    Increase Withdrawal limit to 100 BTC
                  </div>
                </div>
                <div
                  class="pg-profile-page-verification__step__button pg-profile-page-verification__step__button--blocked"
                >
                  <a
                    href="/confirm"
                  >
                    Verify
                  </a>
                </div>
              </div>
            </div>
          </div>
        </div>
      </div>
    </div>
  </div>
  <div
    class="container xl my4"
  >
    <div
      class="cardDesktop pg-profile-page__api-keys col bodyBgColor"
    >
      <div
        class="cardHeader padding3 primaryColor"
      >
        <h4>
          My API Keys
        </h4>
      </div>
      <div
        class="col colSpacing2 padding3"
      >
        <p
          class="pg-profile-page__label pg-profile-page__text-center"
        >
          Please enable Two-factor authentication
        </p>
      </div>
    </div>
  </div>
  <div
    class="container xl my4"
  >
    <div
      class="cardDesktop pg-profile-page__activity col bodyBgColor"
    >
      <div
        class="cardHeader padding3 primaryColor"
      >
        <h4>
          Account Activity
        </h4>
      </div>
      <div
        class="col colSpacing2 padding3"
      >
        <div
          class="pg-history-elem pg-history-empty"
        />
      </div>
    </div>
  </div>
</div>
`;
