// Jest Snapshot v1, https://goo.gl/fbAQLP

exports[`SignUpScreen should render 1`] = `
<div
  class="pg-sign-up-screen"
>
  <div
    class="pg-sign-up-screen__container"
  >
    <form>
      <div
        class="cr-sign-up-form"
      >
        <div
          class="cr-sign-up-form__options-group"
        >
          <div
            class="cr-sign-up-form__option"
          >
            <div
              class="cr-sign-up-form__option-inner cr-sign-in-form__tab-signin"
            >
              Sign In
            </div>
          </div>
          <div
            class="cr-sign-up-form__option"
          >
            <div
              class="cr-sign-up-form__option-inner __selected"
            >
              Sign Up
            </div>
          </div>
        </div>
        <div
          class="cr-sign-up-form__form-content"
        >
          <div
            class="cr-sign-up-form__group"
          >
            <div
              class="custom-input"
            >
              <label
                class="cr-sign-up-form__label"
              />
              <input
                autofocus=""
                class="form-control"
                placeholder="Email"
                type="email"
                value=""
              />
            </div>
          </div>
          <div
            class="cr-sign-up-form__group"
          >
            <div
              class="custom-input"
            >
              <label
                class="cr-sign-up-form__label"
              />
              <input
                class="form-control"
                placeholder="Password"
                type="password"
                value=""
              />
            </div>
          </div>
          <div
            class="cr-sign-up-form__group"
          >
            <div
              class="custom-input"
            >
              <label
                class="cr-sign-up-form__label"
              />
              <input
                class="form-control"
                placeholder="Confirm Password"
                type="password"
                value=""
              />
            </div>
          </div>
          <div
            class="custom-control custom-checkbox"
          >
            <input
              class="custom-control-input"
              id="agreeWithTerms"
              type="checkbox"
            />
            <label
              class="custom-control-label"
              for="agreeWithTerms"
              title=""
            >
              I have read and agree to the Terms of Service
            </label>
          </div>
          <div
            class="cr-sign-up-form__button-wrapper"
          >
            <button
              class="btn btn-primary btn-block btn-lg"
              disabled=""
              type="button"
            >
              Sign Up
            </button>
          </div>
        </div>
      </div>
    </form>
  </div>
</div>
`;
