// Jest Snapshot v1, https://goo.gl/fbAQLP

exports[`WalletsScreen should render 1`] = `
Array [
  <div
    class="pg-estimated-value"
  >
    <span
      class="pg-estimated-value__title"
    >
      Estimated Value
    </span>
    <div
      class="pg-estimated-value__container"
    >
      <span
        class="value-container"
      >
        <span
          class="value"
        >
          0
          <span
            class="fractional"
          >
            .00
          </span>
        </span>
        <span
          class="value-sign"
        >
          USD
        </span>
      </span>
      <span
        class="value-container"
      >
        <span
          class="value"
        >
          0
          <span
            class="fractional"
          >
            .00
          </span>
        </span>
        <span
          class="value-sign"
        >
          ETH
        </span>
      </span>
    </div>
  </div>,
  <div
    class="pg-container pg-wallet"
  >
    <div
      class="row no-gutters pg-wallet__tabs-content pg-wallet__tabs-content-height"
    >
      <div
        class="col-md-5 col-sm-12 col-12 "
      >
        <div
          class="cr-wallet-list"
        />
      </div>
      <div
        class="pg-wallet__tabs col-md-7 col-sm-12 col-12 d-none d-md-block"
      >
        <div
          class="cr-tab-panel"
        >
          <div
            class="cr-tab-panel__navigation-container draggable-container"
          >
            <div
              class="cr-tab-panel__navigation-container-navigation"
              role="tablist"
            >
              <div
                class="cr-tab cr-tab__active"
                role="tab"
                tabindex="0"
              >
                <span
                  class="cr-tab__pointer"
                />
              </div>
            </div>
          </div>
          <div
            class="cr-tab-content cr-tab-content__active"
          />
        </div>
      </div>
    </div>
  </div>,
]
`;
