// Jest Snapshot v1, https://goo.gl/fbAQLP

exports[`SummaryField should render 1`] = `
<ForwardRef
  className="cr-summary-field"
  row={true}
  spacing={true}
>
  <span
    className="cr-summary-field-message"
  >
    Message
  </span>
  <span
    className="cr-summary-field-content"
  >
    <div>
      Content
    </div>
  </span>
</ForwardRef>
`;
