// Jest Snapshot v1, https://goo.gl/fbAQLP

exports[`InputBlock should render 1`] = `
<div
  className="cr-order-input"
>
  <CustomInput
    defaultLabel=""
    handleChangeInput={[Function]}
    handleFocusInput={[Function]}
    inputValue=""
    label=""
    onKeyPress={[MockFunction]}
    placeholder="0"
    type="number"
  />
  <CurrencyTicker
    className="cr-order-input__currency"
    symbol="eth"
  />
</div>
`;
