// Jest Snapshot v1, https://goo.gl/fbAQLP

exports[`OpenOrders should render 1`] = `
<div
  className="cr-open-orders"
>
  <Table
    data={
      Array [
        Array [
          "13:50",
          <span
            className="cr-open-orders__price"
          >
            buy
          </span>,
          "1,442.43",
          "4,323.04",
          <CloseIcon
            onClick={[Function]}
          />,
        ],
        Array [
          "13:50",
          <span
            className="cr-open-orders__price"
          >
            sell
          </span>,
          "1,442.43",
          "44,323.12",
          <CloseIcon
            onClick={[Function]}
          />,
        ],
        Array [
          "13:50",
          <span
            className="cr-open-orders__price"
          >
            sell
          </span>,
          "1,442.43",
          "4,323.23",
          <CloseIcon
            onClick={[Function]}
          />,
        ],
        Array [
          "13:50",
          <span
            className="cr-open-orders__price"
          >
            buy
          </span>,
          "1,442.43",
          "543.33",
          <CloseIcon
            onClick={[Function]}
          />,
        ],
      ]
    }
    header={
      Array [
        "Date",
        "Action",
        "Price",
        "Amount",
        "",
      ]
    }
  />
</div>
`;
